1
   Jon Abner, (Diciembre 08, 2003),
   1 Jay St, Apt 498,
   Dublin, CA,
   USA, 49567
2
   Will Abner, (Diciembre 08, 2003),
   1 Jay St, Apt 498,
   Dublin, CA,
   USA, 49567
